// Jest Snapshot v1, https://goo.gl/fbAQLP

exports[`DropZone should render 1`] = `
.emotion-0 {
  height: 100vh;
  width: 100vw;
}

<div
  class="emotion-0 emotion-1"
/>
`;
