// Jest Snapshot v1, https://goo.gl/fbAQLP

exports[`GraphSelection should render 1`] = `
.emotion-18 {
  display: -webkit-box;
  display: -webkit-flex;
  display: -ms-flexbox;
  display: flex;
}

.emotion-4 {
  padding: 0;
  margin: .5rem;
  border: rgba(0,0,0,0.3) solid 1px;
  background: #F5F5F5;
  border-radius: 3px;
  cursor: pointer;
  box-shadow: 0 1px 3px rgba(0,0,0,0.12),0 1px 2px rgba(0,0,0,0.24);
  -webkit-transition: all 0.3s cubic-bezier(.25,.8,.25,1);
  transition: all 0.3s cubic-bezier(.25,.8,.25,1);
}

.emotion-4:hover {
  box-shadow: 0 3px 6px rgba(0,0,0,0.16),0 3px 6px rgba(0,0,0,0.23);
}

.emotion-0 {
  padding: .5rem;
  pointer-events: none;
}

.emotion-2 {
  padding: .2rem;
  font-size: .8rem;
  margin: 0;
  background: #FFFFFF;
  text-align: center;
}

<div
  class="emotion-18 emotion-19"
>
  <a
    class="emotion-4 emotion-5"
    href="/context/1"
  >
    <div
      class="emotion-0 emotion-1"
    >
      <p>
        No Data
      </p>
    </div>
    <h3
      class="emotion-2 emotion-3"
    >
      1
    </h3>
  </a>
  <a
    class="emotion-4 emotion-5"
    href="/context/2"
  >
    <div
      class="emotion-0 emotion-1"
    >
      <p>
        No Data
      </p>
    </div>
    <h3
      class="emotion-2 emotion-3"
    >
      2
    </h3>
  </a>
  <a
    class="emotion-4 emotion-5"
    href="/context/3"
  >
    <div
      class="emotion-0 emotion-1"
    >
      <p>
        No Data
      </p>
    </div>
    <h3
      class="emotion-2 emotion-3"
    >
      3
    </h3>
  </a>
</div>
`;
