// Jest Snapshot v1, https://goo.gl/fbAQLP

exports[`Section should render 1`] = `
.emotion-9 {
  display: -webkit-box;
  display: -webkit-flex;
  display: -ms-flexbox;
  display: flex;
  -webkit-box-pack: start;
  -webkit-justify-content: flex-start;
  -ms-flex-pack: start;
  justify-content: flex-start;
  -webkit-align-items: center;
  -webkit-box-align: center;
  -ms-flex-align: center;
  align-items: center;
  padding: .5rem 0;
  cursor: pointer;
}

.emotion-1 {
  height: 24px;
  width: 24px;
  -webkit-transition: -webkit-transform 300ms ease;
  -webkit-transition: transform 300ms ease;
  transition: transform 300ms ease;
  -webkit-transform: rotate(90deg);
  -ms-transform: rotate(90deg);
  transform: rotate(90deg);
}

.emotion-1 svg {
  fill: rgba(0,0,0,.87);
}

.emotion-3 {
  height: 1px;
  background: rgba(0,0,0,.38);
  -webkit-flex: 0 0 1rem;
  -ms-flex: 0 0 1rem;
  flex: 0 0 1rem;
  margin-right: .5rem;
}

.emotion-5 {
  font-size: 1rem;
  padding: 0;
  margin: 0;
  font-weight: bold;
}

.emotion-7 {
  height: 1px;
  background: rgba(0,0,0,.38);
  -webkit-flex: 1 1 0;
  -ms-flex: 1 1 0;
  flex: 1 1 0;
  margin-left: .5rem;
}

.emotion-13 {
  overflow: hidden;
  -webkit-transition: height 300ms ease;
  transition: height 300ms ease;
  height: auto;
}

.emotion-11 {
  box-sizing: border-box;
  padding: .5rem 0 .5rem 1rem;
}

<div>
  <div
    class="emotion-9 emotion-10"
  >
    <div
      class="emotion-0 emotion-1 emotion-2"
    >
      [object Object]
    </div>
    <div
      class="emotion-3 emotion-4"
    />
    <h2
      class="emotion-5 emotion-6"
    >
      Hello
    </h2>
    <div
      class="emotion-7 emotion-8"
    />
  </div>
  <div
    class="emotion-13 emotion-14"
  >
    <div
      class="emotion-11 emotion-12"
    >
      Body
    </div>
  </div>
</div>
`;
