// Jest Snapshot v1, https://goo.gl/fbAQLP

exports[`Resizable should render 1`] = `
<styled.div
  style={
    Object {
      "width": 350,
    }
  }
>
  <styled.div
    onMouseDown={[Function]}
  />
  <styled.div />
</styled.div>
`;
